train examples: 14493
trainable params: 10,092,544 || all params: 606,142,464 || trainable%: 1.6650
{'loss': 0.3222, 'grad_norm': 2.0553362369537354, 'learning_rate': 8e-05, 'epoch': 0.03}
{'loss': 0.0298, 'grad_norm': 0.1982060670852661, 'learning_rate': 0.0001709090909090909, 'epoch': 0.06}
{'loss': 0.022, 'grad_norm': 0.11167028546333313, 'learning_rate': 0.00019995380546179497, 'epoch': 0.08}
{'loss': 0.0139, 'grad_norm': 0.45361223816871643, 'learning_rate': 0.0001997181482790236, 'epoch': 0.11}
{'loss': 0.0138, 'grad_norm': 0.3025413155555725, 'learning_rate': 0.0001992832687149201, 'epoch': 0.14}
{'loss': 0.0185, 'grad_norm': 0.19852718710899353, 'learning_rate': 0.00019865003559570968, 'epoch': 0.17}
{'loss': 0.0138, 'grad_norm': 0.1538960039615631, 'learning_rate': 0.00019781971402921998, 'epoch': 0.19}
{'loss': 0.0157, 'grad_norm': 0.1684223711490631, 'learning_rate': 0.00019679396287737943, 'epoch': 0.22}
{'loss': 0.0117, 'grad_norm': 0.15336723625659943, 'learning_rate': 0.00019557483144205174, 'epoch': 0.25}
{'loss': 0.0134, 'grad_norm': 0.0711822584271431, 'learning_rate': 0.00019416475537082866, 'epoch': 0.28}
{'loss': 0.0138, 'grad_norm': 0.29022881388664246, 'learning_rate': 0.00019256655179095952, 'epoch': 0.3}
{'loss': 0.0107, 'grad_norm': 0.21552860736846924, 'learning_rate': 0.00019078341368114002, 'epoch': 0.33}
{'loss': 0.0136, 'grad_norm': 0.14696931838989258, 'learning_rate': 0.0001888189034924046, 'epoch': 0.36}
{'loss': 0.012, 'grad_norm': 0.030070370063185692, 'learning_rate': 0.00018667694603086626, 'epoch': 0.39}
{'loss': 0.0095, 'grad_norm': 0.053669776767492294, 'learning_rate': 0.00018436182061652416, 'epoch': 0.41}
{'loss': 0.0132, 'grad_norm': 0.0782734826207161, 'learning_rate': 0.00018187815253380325, 'epoch': 0.44}
{'loss': 0.0076, 'grad_norm': 0.06070670858025551, 'learning_rate': 0.00017923090379090787, 'epoch': 0.47}
{'loss': 0.0148, 'grad_norm': 0.15780004858970642, 'learning_rate': 0.00017642536320644964, 'epoch': 0.5}
{'loss': 0.0171, 'grad_norm': 0.18503862619400024, 'learning_rate': 0.00017346713584315596, 'epoch': 0.52}
{'loss': 0.0106, 'grad_norm': 0.13660171627998352, 'learning_rate': 0.00017036213180976842, 'epoch': 0.55}
{'loss': 0.0107, 'grad_norm': 0.0718492716550827, 'learning_rate': 0.0001671165544535036, 'epoch': 0.58}
{'loss': 0.0148, 'grad_norm': 0.061602309346199036, 'learning_rate': 0.0001637368879666663, 'epoch': 0.61}
{'loss': 0.0073, 'grad_norm': 0.005285794381052256, 'learning_rate': 0.00016022988443217454, 'epoch': 0.63}
{'loss': 0.0099, 'grad_norm': 0.06699780374765396, 'learning_rate': 0.00015660255033387853, 'epoch': 0.66}
{'loss': 0.0077, 'grad_norm': 0.14781488478183746, 'learning_rate': 0.00015286213255862293, 'epoch': 0.69}
{'loss': 0.0119, 'grad_norm': 0.08158393204212189, 'learning_rate': 0.0001490161039180196, 'epoch': 0.72}
{'loss': 0.0069, 'grad_norm': 0.10315209627151489, 'learning_rate': 0.00014507214821885472, 'epoch': 0.75}
{'loss': 0.0101, 'grad_norm': 0.03809488192200661, 'learning_rate': 0.00014103814491195856, 'epoch': 0.77}
{'loss': 0.0078, 'grad_norm': 0.07477658241987228, 'learning_rate': 0.000136922153350207, 'epoch': 0.8}
{'loss': 0.0102, 'grad_norm': 0.05746123939752579, 'learning_rate': 0.0001327323966871044, 'epoch': 0.83}
{'loss': 0.0112, 'grad_norm': 0.2849215865135193, 'learning_rate': 0.00012847724544811712, 'epoch': 0.86}
{'loss': 0.0105, 'grad_norm': 0.1638435423374176, 'learning_rate': 0.00012416520080757893, 'epoch': 0.88}
{'loss': 0.0065, 'grad_norm': 0.08071081340312958, 'learning_rate': 0.00011980487760457901, 'epoch': 0.91}
{'loss': 0.0084, 'grad_norm': 0.016046499833464622, 'learning_rate': 0.00011540498713176444, 'epoch': 0.94}
{'loss': 0.0115, 'grad_norm': 0.005754231009632349, 'learning_rate': 0.00011097431973144221, 'epoch': 0.97}
{'loss': 0.0097, 'grad_norm': 0.08197948336601257, 'learning_rate': 0.00010652172723375174, 'epoch': 0.99}
{'loss': 0.006, 'grad_norm': 0.05172883719205856, 'learning_rate': 0.00010205610527199345, 'epoch': 1.02}
{'loss': 0.0054, 'grad_norm': 0.0006404397427104414, 'learning_rate': 9.758637551044526e-05, 'epoch': 1.05}
{'loss': 0.0066, 'grad_norm': 0.06442510336637497, 'learning_rate': 9.312146782017243e-05, 'epoch': 1.08}
{'loss': 0.0113, 'grad_norm': 0.07231451570987701, 'learning_rate': 8.867030243844206e-05, 'epoch': 1.1}
{'loss': 0.0078, 'grad_norm': 0.2627691626548767, 'learning_rate': 8.42417721473842e-05, 'epoch': 1.13}
{'loss': 0.0044, 'grad_norm': 0.0028050350956618786, 'learning_rate': 7.984472450750422e-05, 'epoch': 1.16}
{'loss': 0.0043, 'grad_norm': 0.007190017495304346, 'learning_rate': 7.548794418154164e-05, 'epoch': 1.19}
{'loss': 0.0068, 'grad_norm': 0.031935349106788635, 'learning_rate': 7.118013538398972e-05, 'epoch': 1.21}
{'loss': 0.0075, 'grad_norm': 0.2490328997373581, 'learning_rate': 6.692990449133836e-05, 'epoch': 1.24}
{'loss': 0.0052, 'grad_norm': 0.011681526899337769, 'learning_rate': 6.274574284778378e-05, 'epoch': 1.27}
{'loss': 0.0063, 'grad_norm': 0.018554922193288803, 'learning_rate': 5.863600980075568e-05, 'epoch': 1.3}
{'loss': 0.0056, 'grad_norm': 0.047228604555130005, 'learning_rate': 5.460891600015472e-05, 'epoch': 1.32}
{'loss': 0.0076, 'grad_norm': 0.14444781839847565, 'learning_rate': 5.0672506994666415e-05, 'epoch': 1.35}
{'loss': 0.0079, 'grad_norm': 0.061296265572309494, 'learning_rate': 4.6834647157922865e-05, 'epoch': 1.38}
{'loss': 0.0038, 'grad_norm': 0.0023481922689825296, 'learning_rate': 4.31030039766263e-05, 'epoch': 1.41}
{'loss': 0.0067, 'grad_norm': 0.01062861643731594, 'learning_rate': 3.9485032732023816e-05, 'epoch': 1.43}
{'loss': 0.0058, 'grad_norm': 0.035676583647727966, 'learning_rate': 3.598796160533789e-05, 'epoch': 1.46}
{'loss': 0.0068, 'grad_norm': 0.1528901904821396, 'learning_rate': 3.261877723691014e-05, 'epoch': 1.49}
{'loss': 0.0055, 'grad_norm': 0.07354329526424408, 'learning_rate': 2.938421076790796e-05, 'epoch': 1.52}
{'loss': 0.0074, 'grad_norm': 0.08120889961719513, 'learning_rate': 2.6290724392482157e-05, 'epoch': 1.55}
{'loss': 0.0092, 'grad_norm': 0.0027434586081653833, 'learning_rate': 2.3344498447241136e-05, 'epoch': 1.57}
{'loss': 0.0049, 'grad_norm': 0.04550468921661377, 'learning_rate': 2.0551419063835696e-05, 'epoch': 1.6}
{'loss': 0.0072, 'grad_norm': 0.03377548232674599, 'learning_rate': 1.7917066409322924e-05, 'epoch': 1.63}
{'loss': 0.0078, 'grad_norm': 0.016301413998007774, 'learning_rate': 1.5446703537802344e-05, 'epoch': 1.66}
{'loss': 0.0049, 'grad_norm': 0.03192801773548126, 'learning_rate': 1.3145265875598222e-05, 'epoch': 1.68}
{'loss': 0.0041, 'grad_norm': 0.06735154241323471, 'learning_rate': 1.1017351360994198e-05, 'epoch': 1.71}
{'loss': 0.0086, 'grad_norm': 0.041447073221206665, 'learning_rate': 9.067211258220388e-06, 'epoch': 1.74}
{'loss': 0.006, 'grad_norm': 0.1863628327846527, 'learning_rate': 7.298741664044661e-06, 'epoch': 1.77}
{'loss': 0.0072, 'grad_norm': 0.08895521610975266, 'learning_rate': 5.71547572393698e-06, 'epoch': 1.79}
{'loss': 0.0066, 'grad_norm': 0.018243230879306793, 'learning_rate': 4.320576573357771e-06, 'epoch': 1.82}
{'loss': 0.0045, 'grad_norm': 0.0800870880484581, 'learning_rate': 3.116831018272581e-06, 'epoch': 1.85}
{'loss': 0.0044, 'grad_norm': 0.015815049409866333, 'learning_rate': 2.1066439675183514e-06, 'epoch': 1.88}
{'loss': 0.0055, 'grad_norm': 0.0028952613938599825, 'learning_rate': 1.2920336281448285e-06, 'epoch': 1.9}
{'loss': 0.0079, 'grad_norm': 0.23675820231437683, 'learning_rate': 6.746274733298586e-07, 'epoch': 1.93}
{'loss': 0.0054, 'grad_norm': 0.08202575892210007, 'learning_rate': 2.5565899092426794e-07, 'epoch': 1.96}
{'loss': 0.0063, 'grad_norm': 0.004953101277351379, 'learning_rate': 3.596521912230255e-08, 'epoch': 1.99}
{'train_runtime': 13861.449, 'train_samples_per_second': 2.091, 'train_steps_per_second': 0.131, 'train_loss': 0.013591754359191091, 'epoch': 2.0}
adapter saved -> $FT_WORKSPACE\train-out\adapter
