train examples: 59533
trainable params: 10,092,544 || all params: 606,142,464 || trainable%: 1.6650
{'loss': 0.2806, 'grad_norm': 1.2553216218948364, 'learning_rate': 1.8750000000000002e-05, 'epoch': 0.01}
{'loss': 0.0475, 'grad_norm': 0.94649738073349, 'learning_rate': 4.107142857142857e-05, 'epoch': 0.01}
{'loss': 0.026, 'grad_norm': 0.7872658967971802, 'learning_rate': 6.339285714285714e-05, 'epoch': 0.02}
{'loss': 0.03, 'grad_norm': 0.5820359587669373, 'learning_rate': 8.571428571428571e-05, 'epoch': 0.03}
{'loss': 0.0245, 'grad_norm': 0.29472994804382324, 'learning_rate': 0.00010803571428571428, 'epoch': 0.03}
{'loss': 0.029, 'grad_norm': 0.20479311048984528, 'learning_rate': 0.00013035714285714286, 'epoch': 0.04}
{'loss': 0.0233, 'grad_norm': 0.31338465213775635, 'learning_rate': 0.00015267857142857143, 'epoch': 0.05}
{'loss': 0.0258, 'grad_norm': 0.5591903924942017, 'learning_rate': 0.000175, 'epoch': 0.05}
{'loss': 0.0247, 'grad_norm': 0.16199703514575958, 'learning_rate': 0.0001973214285714286, 'epoch': 0.06}
{'loss': 0.0305, 'grad_norm': 0.18264950811862946, 'learning_rate': 0.00019999541564714516, 'epoch': 0.07}
{'loss': 0.0228, 'grad_norm': 0.3985092043876648, 'learning_rate': 0.00019997907735601531, 'epoch': 0.07}
{'loss': 0.026, 'grad_norm': 0.13535413146018982, 'learning_rate': 0.0001999509018141497, 'epoch': 0.08}
{'loss': 0.0274, 'grad_norm': 0.4604947566986084, 'learning_rate': 0.00019991089235745578, 'epoch': 0.09}
{'loss': 0.018, 'grad_norm': 0.19051691889762878, 'learning_rate': 0.00019985905372294445, 'epoch': 0.09}
{'loss': 0.0209, 'grad_norm': 0.12352354824542999, 'learning_rate': 0.00019979539204816895, 'epoch': 0.1}
{'loss': 0.0176, 'grad_norm': 0.4754507839679718, 'learning_rate': 0.00019971991487049832, 'epoch': 0.11}
{'loss': 0.0227, 'grad_norm': 0.06410031765699387, 'learning_rate': 0.0001996326311262251, 'epoch': 0.11}
{'loss': 0.0206, 'grad_norm': 0.15803687274456024, 'learning_rate': 0.00019953355114950708, 'epoch': 0.12}
{'loss': 0.0182, 'grad_norm': 0.09909041970968246, 'learning_rate': 0.00019942268667114398, 'epoch': 0.13}
{'loss': 0.0205, 'grad_norm': 0.08809956163167953, 'learning_rate': 0.00019930005081718837, 'epoch': 0.13}
{'loss': 0.021, 'grad_norm': 0.3995337188243866, 'learning_rate': 0.00019916565810739164, 'epoch': 0.14}
{'loss': 0.0234, 'grad_norm': 0.2523036301136017, 'learning_rate': 0.00019901952445348508, 'epoch': 0.15}
{'loss': 0.0166, 'grad_norm': 0.19730091094970703, 'learning_rate': 0.00019886166715729563, 'epoch': 0.15}
{'loss': 0.0202, 'grad_norm': 0.05785470828413963, 'learning_rate': 0.0001986921049086977, 'epoch': 0.16}
{'loss': 0.0175, 'grad_norm': 0.10769817978143692, 'learning_rate': 0.00019851085778340019, 'epoch': 0.17}
{'loss': 0.0183, 'grad_norm': 0.08934547007083893, 'learning_rate': 0.00019831794724056953, 'epoch': 0.17}
{'loss': 0.023, 'grad_norm': 0.07417558133602142, 'learning_rate': 0.0001981133961202892, 'epoch': 0.18}
{'loss': 0.0178, 'grad_norm': 0.30088913440704346, 'learning_rate': 0.00019789722864085524, 'epoch': 0.19}
{'loss': 0.0199, 'grad_norm': 0.0816655233502388, 'learning_rate': 0.00019766947039590908, 'epoch': 0.19}
{'loss': 0.0217, 'grad_norm': 0.08962556719779968, 'learning_rate': 0.00019743014835140726, 'epoch': 0.2}
{'loss': 0.0188, 'grad_norm': 0.3028872311115265, 'learning_rate': 0.0001971792908424287, 'epoch': 0.21}
{'loss': 0.0149, 'grad_norm': 0.2414340078830719, 'learning_rate': 0.00019691692756981989, 'epoch': 0.21}
{'loss': 0.0243, 'grad_norm': 0.11037835478782654, 'learning_rate': 0.00019664308959667853, 'epoch': 0.22}
{'loss': 0.0174, 'grad_norm': 0.19253817200660706, 'learning_rate': 0.00019635780934467548, 'epoch': 0.23}
{'loss': 0.0179, 'grad_norm': 0.16175000369548798, 'learning_rate': 0.0001960611205902165, 'epoch': 0.24}
{'loss': 0.0179, 'grad_norm': 0.13968607783317566, 'learning_rate': 0.00019575305846044282, 'epoch': 0.24}
{'loss': 0.0151, 'grad_norm': 0.6915500164031982, 'learning_rate': 0.00019543365942907247, 'epoch': 0.25}
{'loss': 0.0151, 'grad_norm': 0.03452936187386513, 'learning_rate': 0.00019510296131208175, 'epoch': 0.26}
{'loss': 0.018, 'grad_norm': 0.09332077950239182, 'learning_rate': 0.00019476100326322785, 'epoch': 0.26}
{'loss': 0.0193, 'grad_norm': 0.19323764741420746, 'learning_rate': 0.00019440782576941347, 'epoch': 0.27}
{'loss': 0.0138, 'grad_norm': 0.18353304266929626, 'learning_rate': 0.0001940434706458929, 'epoch': 0.28}
{'loss': 0.0208, 'grad_norm': 0.1482459157705307, 'learning_rate': 0.00019366798103132143, 'epoch': 0.28}
{'loss': 0.0149, 'grad_norm': 0.09305538982152939, 'learning_rate': 0.00019328140138264778, 'epoch': 0.29}
{'loss': 0.0192, 'grad_norm': 0.10995228588581085, 'learning_rate': 0.00019288377746985057, 'epoch': 0.3}
{'loss': 0.0118, 'grad_norm': 0.2942318916320801, 'learning_rate': 0.00019247515637051924, 'epoch': 0.3}
{'loss': 0.0126, 'grad_norm': 0.03845337778329849, 'learning_rate': 0.0001920555864642801, 'epoch': 0.31}
{'loss': 0.017, 'grad_norm': 0.042894020676612854, 'learning_rate': 0.00019162511742706854, 'epoch': 0.32}
{'loss': 0.0131, 'grad_norm': 0.3064665198326111, 'learning_rate': 0.00019118380022524738, 'epoch': 0.32}
{'loss': 0.018, 'grad_norm': 0.12403411418199539, 'learning_rate': 0.00019073168710957247, 'epoch': 0.33}
{'loss': 0.0177, 'grad_norm': 0.108640655875206, 'learning_rate': 0.0001902688316090067, 'epoch': 0.34}
{'loss': 0.0156, 'grad_norm': 0.07014169543981552, 'learning_rate': 0.00018979528852438194, 'epoch': 0.34}
{'loss': 0.0172, 'grad_norm': 0.0819125697016716, 'learning_rate': 0.00018931111392191103, 'epoch': 0.35}
{'loss': 0.0168, 'grad_norm': 0.16413219273090363, 'learning_rate': 0.0001888163651265495, 'epoch': 0.36}
{'loss': 0.0116, 'grad_norm': 0.03952644765377045, 'learning_rate': 0.0001883111007152087, 'epoch': 0.36}
{'loss': 0.0172, 'grad_norm': 0.0735647976398468, 'learning_rate': 0.00018779538050982012, 'epoch': 0.37}
{'loss': 0.0129, 'grad_norm': 0.07944294810295105, 'learning_rate': 0.00018726926557025296, 'epoch': 0.38}
{'loss': 0.0156, 'grad_norm': 0.08146100491285324, 'learning_rate': 0.00018673281818708463, 'epoch': 0.38}
{'loss': 0.0173, 'grad_norm': 0.38991865515708923, 'learning_rate': 0.00018618610187422563, 'epoch': 0.39}
{'loss': 0.0113, 'grad_norm': 0.05323490500450134, 'learning_rate': 0.0001856291813614, 'epoch': 0.4}
{'loss': 0.0152, 'grad_norm': 0.04096962511539459, 'learning_rate': 0.0001850621225864811, 'epoch': 0.4}
{'loss': 0.0171, 'grad_norm': 0.11190903186798096, 'learning_rate': 0.00018448499268768512, 'epoch': 0.41}
{'loss': 0.0187, 'grad_norm': 0.16302455961704254, 'learning_rate': 0.00018389785999562179, 'epoch': 0.42}
{'loss': 0.0173, 'grad_norm': 0.1220698133111, 'learning_rate': 0.00018330079402520438, 'epoch': 0.42}
{'loss': 0.0113, 'grad_norm': 0.03958148881793022, 'learning_rate': 0.0001826938654674192, 'epoch': 0.43}
{'loss': 0.0196, 'grad_norm': 0.10265570878982544, 'learning_rate': 0.00018207714618095628, 'epoch': 0.44}
{'loss': 0.0144, 'grad_norm': 0.11502264440059662, 'learning_rate': 0.00018145070918370112, 'epoch': 0.44}
{'loss': 0.0213, 'grad_norm': 0.06656184047460556, 'learning_rate': 0.0001808146286440898, 'epoch': 0.45}
{'loss': 0.0122, 'grad_norm': 0.06775643676519394, 'learning_rate': 0.00018016897987232757, 'epoch': 0.46}
{'loss': 0.0156, 'grad_norm': 0.14836275577545166, 'learning_rate': 0.00017951383931147228, 'epoch': 0.46}
{'loss': 0.0138, 'grad_norm': 0.01850035786628723, 'learning_rate': 0.00017884928452838384, 'epoch': 0.47}
{'loss': 0.0121, 'grad_norm': 0.04486113041639328, 'learning_rate': 0.00017817539420454046, 'epoch': 0.48}
{'loss': 0.0154, 'grad_norm': 0.09889060258865356, 'learning_rate': 0.00017749224812672293, 'epoch': 0.48}
{'loss': 0.0192, 'grad_norm': 0.04425506666302681, 'learning_rate': 0.00017679992717756825, 'epoch': 0.49}
{'loss': 0.0183, 'grad_norm': 0.060942139476537704, 'learning_rate': 0.00017609851332599306, 'epoch': 0.5}
{'loss': 0.0104, 'grad_norm': 0.011991566978394985, 'learning_rate': 0.00017538808961748895, 'epoch': 0.5}
{'loss': 0.0149, 'grad_norm': 0.10720213502645493, 'learning_rate': 0.00017466874016429016, 'epoch': 0.51}
{'loss': 0.0206, 'grad_norm': 0.1528390347957611, 'learning_rate': 0.00017394055013541469, 'epoch': 0.52}
{'loss': 0.0162, 'grad_norm': 0.08003546297550201, 'learning_rate': 0.00017320360574658072, 'epoch': 0.52}
{'loss': 0.0143, 'grad_norm': 0.19077168405056, 'learning_rate': 0.0001724579942499988, 'epoch': 0.53}
{'loss': 0.0123, 'grad_norm': 0.09326516091823578, 'learning_rate': 0.00017170380392404148, 'epoch': 0.54}
{'loss': 0.0145, 'grad_norm': 0.1648622453212738, 'learning_rate': 0.00017094112406279135, 'epoch': 0.54}
{'loss': 0.0171, 'grad_norm': 0.10138121992349625, 'learning_rate': 0.00017017004496546885, 'epoch': 0.55}
{'loss': 0.0134, 'grad_norm': 0.029158344492316246, 'learning_rate': 0.00016939065792574118, 'epoch': 0.56}
{'loss': 0.016, 'grad_norm': 0.07002704590559006, 'learning_rate': 0.0001686030552209133, 'epoch': 0.56}
{'loss': 0.0142, 'grad_norm': 0.08107839524745941, 'learning_rate': 0.00016780733010100248, 'epoch': 0.57}
{'loss': 0.0117, 'grad_norm': 0.0407184436917305, 'learning_rate': 0.000167003576777698, 'epoch': 0.58}
{'loss': 0.0183, 'grad_norm': 0.09218434989452362, 'learning_rate': 0.00016619189041320643, 'epoch': 0.58}
{'loss': 0.013, 'grad_norm': 0.04313376173377037, 'learning_rate': 0.00016537236710898492, 'epoch': 0.59}
{'loss': 0.0167, 'grad_norm': 0.10542719811201096, 'learning_rate': 0.00016454510389436288, 'epoch': 0.6}
{'loss': 0.0135, 'grad_norm': 0.07071929425001144, 'learning_rate': 0.00016371019871505417, 'epoch': 0.6}
{'loss': 0.0146, 'grad_norm': 0.29209721088409424, 'learning_rate': 0.00016286775042156037, 'epoch': 0.61}
{'loss': 0.0141, 'grad_norm': 0.05806177854537964, 'learning_rate': 0.0001620178587574673, 'epoch': 0.62}
{'loss': 0.0136, 'grad_norm': 0.07251834869384766, 'learning_rate': 0.00016116062434763558, 'epoch': 0.62}
{'loss': 0.0154, 'grad_norm': 0.09029626846313477, 'learning_rate': 0.000160296148686287, 'epoch': 0.63}
{'loss': 0.0135, 'grad_norm': 0.048926353454589844, 'learning_rate': 0.0001594245341249878, 'epoch': 0.64}
{'loss': 0.0143, 'grad_norm': 0.0671449825167656, 'learning_rate': 0.00015854588386053056, 'epoch': 0.64}
{'loss': 0.0148, 'grad_norm': 0.08322035521268845, 'learning_rate': 0.0001576603019227159, 'epoch': 0.65}
{'loss': 0.0142, 'grad_norm': 0.11816694587469101, 'learning_rate': 0.00015676789316203583, 'epoch': 0.66}
{'loss': 0.0107, 'grad_norm': 0.07312833517789841, 'learning_rate': 0.0001558687632372595, 'epoch': 0.67}
{'loss': 0.0129, 'grad_norm': 0.1931735724210739, 'learning_rate': 0.00015496301860292369, 'epoch': 0.67}
{'loss': 0.011, 'grad_norm': 0.01593126729130745, 'learning_rate': 0.00015405076649672875, 'epoch': 0.68}
{'loss': 0.0123, 'grad_norm': 0.07322946190834045, 'learning_rate': 0.0001531321149268419, 'epoch': 0.69}
{'loss': 0.0157, 'grad_norm': 0.11691674590110779, 'learning_rate': 0.0001522071726591097, 'epoch': 0.69}
{'loss': 0.0174, 'grad_norm': 0.03486279025673866, 'learning_rate': 0.00015127604920418, 'epoch': 0.7}
{'loss': 0.0156, 'grad_norm': 0.10704301297664642, 'learning_rate': 0.0001503388548045364, 'epoch': 0.71}
{'loss': 0.0115, 'grad_norm': 0.11675000190734863, 'learning_rate': 0.000149395700421446, 'epoch': 0.71}
{'loss': 0.0151, 'grad_norm': 0.049394506961107254, 'learning_rate': 0.00014844669772182156, 'epoch': 0.72}
{'loss': 0.0159, 'grad_norm': 0.03690632805228233, 'learning_rate': 0.00014749195906500068, 'epoch': 0.73}
{'loss': 0.0135, 'grad_norm': 0.03412109240889549, 'learning_rate': 0.0001465315974894427, 'epoch': 0.73}
{'loss': 0.0111, 'grad_norm': 0.051176395267248154, 'learning_rate': 0.00014556572669934516, 'epoch': 0.74}
{'loss': 0.016, 'grad_norm': 0.05377022922039032, 'learning_rate': 0.0001445944610511817, 'epoch': 0.75}
{'loss': 0.0154, 'grad_norm': 0.09977461397647858, 'learning_rate': 0.00014361791554016247, 'epoch': 0.75}
{'loss': 0.015, 'grad_norm': 0.06627236306667328, 'learning_rate': 0.00014263620578661891, 'epoch': 0.76}
{'loss': 0.011, 'grad_norm': 0.06883649528026581, 'learning_rate': 0.00014164944802231487, 'epoch': 0.77}
{'loss': 0.0148, 'grad_norm': 0.060605864971876144, 'learning_rate': 0.00014065775907668484, 'epoch': 0.77}
{'loss': 0.0138, 'grad_norm': 0.023628145456314087, 'learning_rate': 0.00013966125636300183, 'epoch': 0.78}
{'loss': 0.0129, 'grad_norm': 0.06258406490087509, 'learning_rate': 0.00013866005786447583, 'epoch': 0.79}
{'loss': 0.011, 'grad_norm': 0.06308005750179291, 'learning_rate': 0.000137654282120285, 'epoch': 0.79}
{'loss': 0.0168, 'grad_norm': 0.079251229763031, 'learning_rate': 0.0001366440482115409, 'epoch': 0.8}
{'loss': 0.0159, 'grad_norm': 0.10942535102367401, 'learning_rate': 0.00013562947574718976, 'epoch': 0.81}
{'loss': 0.0118, 'grad_norm': 0.14621320366859436, 'learning_rate': 0.00013461068484985086, 'epoch': 0.81}
{'loss': 0.0153, 'grad_norm': 0.05326328054070473, 'learning_rate': 0.00013358779614159452, 'epoch': 0.82}
{'loss': 0.0129, 'grad_norm': 0.1152641624212265, 'learning_rate': 0.00013256093072966076, 'epoch': 0.83}
{'loss': 0.0132, 'grad_norm': 0.06223978102207184, 'learning_rate': 0.0001315302101921204, 'epoch': 0.83}
{'loss': 0.0136, 'grad_norm': 0.1356704980134964, 'learning_rate': 0.00013049575656348073, 'epoch': 0.84}
{'loss': 0.0126, 'grad_norm': 0.0625944584608078, 'learning_rate': 0.00012945769232023682, 'epoch': 0.85}
{'loss': 0.0109, 'grad_norm': 0.2761591076850891, 'learning_rate': 0.0001284161403663707, 'epoch': 0.85}
{'loss': 0.0106, 'grad_norm': 0.012858188711106777, 'learning_rate': 0.00012737122401879986, 'epoch': 0.86}
{'loss': 0.0132, 'grad_norm': 0.029284751042723656, 'learning_rate': 0.0001263230669927769, 'epoch': 0.87}
{'loss': 0.0149, 'grad_norm': 0.13978071510791779, 'learning_rate': 0.0001252717933872418, 'epoch': 0.87}
{'loss': 0.0129, 'grad_norm': 0.048625726252794266, 'learning_rate': 0.00012421752767012917, 'epoch': 0.88}
{'loss': 0.0098, 'grad_norm': 0.05493083968758583, 'learning_rate': 0.00012316039466363148, 'epoch': 0.89}
{'loss': 0.0137, 'grad_norm': 0.645388126373291, 'learning_rate': 0.00012210051952942042, 'epoch': 0.89}
{'loss': 0.0114, 'grad_norm': 0.08123169094324112, 'learning_rate': 0.00012103802775382822, 'epoch': 0.9}
{'loss': 0.0142, 'grad_norm': 0.04157830402255058, 'learning_rate': 0.00011997304513299025, 'epoch': 0.91}
{'loss': 0.0156, 'grad_norm': 0.08303072303533554, 'learning_rate': 0.00011890569775795122, 'epoch': 0.91}
{'loss': 0.0102, 'grad_norm': 0.0647093802690506, 'learning_rate': 0.00011783611199973628, 'epoch': 0.92}
{'loss': 0.0137, 'grad_norm': 0.44863229990005493, 'learning_rate': 0.00011676441449438908, 'epoch': 0.93}
{'loss': 0.0148, 'grad_norm': 0.08513472974300385, 'learning_rate': 0.00011569073212797841, 'epoch': 0.93}
{'loss': 0.0119, 'grad_norm': 0.05948561057448387, 'learning_rate': 0.00011461519202157511, 'epoch': 0.94}
{'loss': 0.0103, 'grad_norm': 0.13304345309734344, 'learning_rate': 0.0001135379215162015, 'epoch': 0.95}
{'loss': 0.0149, 'grad_norm': 0.11543124914169312, 'learning_rate': 0.00011245904815775437, 'epoch': 0.95}
{'loss': 0.0122, 'grad_norm': 0.0641869381070137, 'learning_rate': 0.00011137869968190396, 'epoch': 0.96}
{'loss': 0.0119, 'grad_norm': 0.02452574484050274, 'learning_rate': 0.00011029700399897039, 'epoch': 0.97}
{'loss': 0.0093, 'grad_norm': 0.03919294849038124, 'learning_rate': 0.00010921408917877942, 'epoch': 0.97}
{'loss': 0.0117, 'grad_norm': 0.07395129650831223, 'learning_rate': 0.00010813008343549942, 'epoch': 0.98}
{'loss': 0.0166, 'grad_norm': 0.06292005628347397, 'learning_rate': 0.00010704511511246096, 'epoch': 0.99}
{'loss': 0.0167, 'grad_norm': 0.04477265104651451, 'learning_rate': 0.00010595931266696157, 'epoch': 0.99}
{'loss': 0.0159, 'grad_norm': 0.03772668167948723, 'learning_rate': 0.00010487280465505652, 'epoch': 1.0}
{'loss': 0.0096, 'grad_norm': 0.10820416361093521, 'learning_rate': 0.00010378571971633821, 'epoch': 1.01}
{'loss': 0.0124, 'grad_norm': 0.2681095004081726, 'learning_rate': 0.00010269818655870571, 'epoch': 1.01}
{'loss': 0.011, 'grad_norm': 0.08692974597215652, 'learning_rate': 0.00010161033394312586, 'epoch': 1.02}
{'loss': 0.0096, 'grad_norm': 0.15821804106235504, 'learning_rate': 0.00010052229066838857, 'epoch': 1.03}
{'loss': 0.0099, 'grad_norm': 0.05405531823635101, 'learning_rate': 9.943418555585718e-05, 'epoch': 1.03}
{'loss': 0.0119, 'grad_norm': 0.040674950927495956, 'learning_rate': 9.83461474342165e-05, 'epoch': 1.04}
{'loss': 0.0119, 'grad_norm': 0.010396059602499008, 'learning_rate': 9.72583051242198e-05, 'epoch': 1.05}
{'loss': 0.0091, 'grad_norm': 0.04489250108599663, 'learning_rate': 9.617078742343681e-05, 'epoch': 1.05}
{'loss': 0.007, 'grad_norm': 0.05849575251340866, 'learning_rate': 9.508372309100433e-05, 'epoch': 1.06}
{'loss': 0.0133, 'grad_norm': 0.054697055369615555, 'learning_rate': 9.399724083238168e-05, 'epoch': 1.07}
{'loss': 0.0101, 'grad_norm': 0.04381187632679939, 'learning_rate': 9.291146928411217e-05, 'epoch': 1.07}
{'loss': 0.0128, 'grad_norm': 0.1366739720106125, 'learning_rate': 9.182653699859294e-05, 'epoch': 1.08}
{'loss': 0.0126, 'grad_norm': 0.1507827192544937, 'learning_rate': 9.074257242885469e-05, 'epoch': 1.09}
{'loss': 0.0137, 'grad_norm': 0.03144700452685356, 'learning_rate': 8.965970391335325e-05, 'epoch': 1.1}
{'loss': 0.0093, 'grad_norm': 0.07839502394199371, 'learning_rate': 8.857805966077458e-05, 'epoch': 1.1}
{'loss': 0.0136, 'grad_norm': 0.030461322516202927, 'learning_rate': 8.749776773485526e-05, 'epoch': 1.11}
{'loss': 0.0131, 'grad_norm': 0.02583150565624237, 'learning_rate': 8.641895603922002e-05, 'epoch': 1.12}
{'loss': 0.0143, 'grad_norm': 0.07900824397802353, 'learning_rate': 8.534175230223844e-05, 'epoch': 1.12}
{'loss': 0.0124, 'grad_norm': 0.09532670676708221, 'learning_rate': 8.426628406190209e-05, 'epoch': 1.13}
{'loss': 0.0151, 'grad_norm': 0.14804017543792725, 'learning_rate': 8.319267865072451e-05, 'epoch': 1.14}
{'loss': 0.0112, 'grad_norm': 0.06505043804645538, 'learning_rate': 8.21210631806653e-05, 'epoch': 1.14}
{'loss': 0.0113, 'grad_norm': 0.04489567503333092, 'learning_rate': 8.105156452808047e-05, 'epoch': 1.15}
{'loss': 0.0119, 'grad_norm': 0.0767592042684555, 'learning_rate': 7.998430931870058e-05, 'epoch': 1.16}
{'loss': 0.0139, 'grad_norm': 0.049535851925611496, 'learning_rate': 7.891942391263866e-05, 'epoch': 1.16}
{'loss': 0.0124, 'grad_norm': 0.0821421816945076, 'learning_rate': 7.785703438942941e-05, 'epoch': 1.17}
{'loss': 0.0132, 'grad_norm': 0.0682733952999115, 'learning_rate': 7.679726653310187e-05, 'epoch': 1.18}
{'loss': 0.0086, 'grad_norm': 0.06184910237789154, 'learning_rate': 7.574024581728678e-05, 'epoch': 1.18}
{'loss': 0.0101, 'grad_norm': 0.04923978075385094, 'learning_rate': 7.468609739036095e-05, 'epoch': 1.19}
{'loss': 0.0132, 'grad_norm': 0.06897859275341034, 'learning_rate': 7.363494606062999e-05, 'epoch': 1.2}
{'loss': 0.0144, 'grad_norm': 0.1353057473897934, 'learning_rate': 7.25869162815514e-05, 'epoch': 1.2}
{'loss': 0.0107, 'grad_norm': 0.045214004814624786, 'learning_rate': 7.154213213699954e-05, 'epoch': 1.21}
{'loss': 0.011, 'grad_norm': 0.1051289439201355, 'learning_rate': 7.050071732657446e-05, 'epoch': 1.22}
{'loss': 0.0128, 'grad_norm': 0.020669778808951378, 'learning_rate': 6.946279515095623e-05, 'epoch': 1.22}
{'loss': 0.0095, 'grad_norm': 0.18450050055980682, 'learning_rate': 6.842848849730646e-05, 'epoch': 1.23}
{'loss': 0.0109, 'grad_norm': 0.0378914475440979, 'learning_rate': 6.739791982471881e-05, 'epoch': 1.24}
{'loss': 0.0135, 'grad_norm': 0.2461434006690979, 'learning_rate': 6.637121114972014e-05, 'epoch': 1.24}
{'loss': 0.0136, 'grad_norm': 0.07424987107515335, 'learning_rate': 6.53484840318241e-05, 'epoch': 1.25}
{'loss': 0.0125, 'grad_norm': 0.13358356058597565, 'learning_rate': 6.432985955913882e-05, 'epoch': 1.26}
{'loss': 0.0114, 'grad_norm': 0.03420224040746689, 'learning_rate': 6.331545833403037e-05, 'epoch': 1.26}
{'loss': 0.0085, 'grad_norm': 0.015778526663780212, 'learning_rate': 6.230540045884381e-05, 'epoch': 1.27}
{'loss': 0.0132, 'grad_norm': 0.09379620850086212, 'learning_rate': 6.129980552168344e-05, 'epoch': 1.28}
{'loss': 0.0108, 'grad_norm': 0.018185216933488846, 'learning_rate': 6.029879258225375e-05, 'epoch': 1.28}
{'loss': 0.01, 'grad_norm': 0.1531922072172165, 'learning_rate': 5.930248015776325e-05, 'epoch': 1.29}
{'loss': 0.0104, 'grad_norm': 0.03823138773441315, 'learning_rate': 5.8310986208892216e-05, 'epoch': 1.3}
{'loss': 0.0106, 'grad_norm': 0.040905069559812546, 'learning_rate': 5.732442812582655e-05, 'epoch': 1.3}
{'loss': 0.0104, 'grad_norm': 0.00991795863956213, 'learning_rate': 5.6342922714359004e-05, 'epoch': 1.31}
{'loss': 0.0099, 'grad_norm': 0.03432201221585274, 'learning_rate': 5.53665861820599e-05, 'epoch': 1.32}
{'loss': 0.0122, 'grad_norm': 0.014227918349206448, 'learning_rate': 5.439553412451816e-05, 'epoch': 1.32}
{'loss': 0.0117, 'grad_norm': 0.057630594819784164, 'learning_rate': 5.342988151165539e-05, 'epoch': 1.33}
{'loss': 0.012, 'grad_norm': 0.03224525228142738, 'learning_rate': 5.2469742674113656e-05, 'epoch': 1.34}
{'loss': 0.0114, 'grad_norm': 0.035517364740371704, 'learning_rate': 5.151523128971889e-05, 'epoch': 1.34}
{'loss': 0.012, 'grad_norm': 0.26797017455101013, 'learning_rate': 5.056646037002205e-05, 'epoch': 1.35}
{'loss': 0.0138, 'grad_norm': 0.04350162297487259, 'learning_rate': 4.962354224691853e-05, 'epoch': 1.36}
{'loss': 0.0113, 'grad_norm': 0.06229337677359581, 'learning_rate': 4.86865885593487e-05, 'epoch': 1.36}
{'loss': 0.0144, 'grad_norm': 0.0036532622762024403, 'learning_rate': 4.775571024007981e-05, 'epoch': 1.37}
{'loss': 0.0114, 'grad_norm': 0.05293712764978409, 'learning_rate': 4.683101750257222e-05, 'epoch': 1.38}
{'loss': 0.0093, 'grad_norm': 0.0701025202870369, 'learning_rate': 4.591261982793006e-05, 'epoch': 1.38}
{'loss': 0.011, 'grad_norm': 0.340955525636673, 'learning_rate': 4.50006259519393e-05, 'epoch': 1.39}
{'loss': 0.0124, 'grad_norm': 0.08433519303798676, 'learning_rate': 4.409514385219345e-05, 'epoch': 1.4}
{'loss': 0.016, 'grad_norm': 0.032177165150642395, 'learning_rate': 4.3196280735309536e-05, 'epoch': 1.4}
{'loss': 0.0134, 'grad_norm': 0.11691780388355255, 'learning_rate': 4.230414302423491e-05, 'epoch': 1.41}
{'loss': 0.0099, 'grad_norm': 0.01368885487318039, 'learning_rate': 4.141883634564726e-05, 'epoch': 1.42}
{'loss': 0.0132, 'grad_norm': 0.09872834384441376, 'learning_rate': 4.054046551744863e-05, 'epoch': 1.42}
{'loss': 0.011, 'grad_norm': 0.05046366527676582, 'learning_rate': 3.966913453635512e-05, 'epoch': 1.43}
{'loss': 0.013, 'grad_norm': 0.034325677901506424, 'learning_rate': 3.880494656558428e-05, 'epoch': 1.44}
{'loss': 0.0092, 'grad_norm': 0.030058695003390312, 'learning_rate': 3.794800392264046e-05, 'epoch': 1.44}
{'loss': 0.0089, 'grad_norm': 0.04921036213636398, 'learning_rate': 3.709840806720109e-05, 'epoch': 1.45}
{'loss': 0.0112, 'grad_norm': 0.012358985841274261, 'learning_rate': 3.6256259589103814e-05, 'epoch': 1.46}
{'loss': 0.0067, 'grad_norm': 0.08380607515573502, 'learning_rate': 3.542165819643719e-05, 'epoch': 1.46}
{'loss': 0.0101, 'grad_norm': 0.019263561815023422, 'learning_rate': 3.459470270373525e-05, 'epoch': 1.47}
{'loss': 0.0114, 'grad_norm': 0.01565118134021759, 'learning_rate': 3.3775491020278413e-05, 'epoch': 1.48}
{'loss': 0.012, 'grad_norm': 0.03811613470315933, 'learning_rate': 3.2964120138501034e-05, 'epoch': 1.48}
{'loss': 0.0125, 'grad_norm': 0.27801448106765747, 'learning_rate': 3.216068612250799e-05, 'epoch': 1.49}
{'loss': 0.0102, 'grad_norm': 0.046750545501708984, 'learning_rate': 3.136528409670072e-05, 'epoch': 1.5}
{'loss': 0.0107, 'grad_norm': 0.1559906005859375, 'learning_rate': 3.057800823451501e-05, 'epoch': 1.5}
{'loss': 0.0088, 'grad_norm': 0.0720958337187767, 'learning_rate': 2.979895174727092e-05, 'epoch': 1.51}
{'loss': 0.0103, 'grad_norm': 0.06030416116118431, 'learning_rate': 2.9028206873136843e-05, 'epoch': 1.52}
{'loss': 0.0132, 'grad_norm': 0.1815587282180786, 'learning_rate': 2.826586486620888e-05, 'epoch': 1.53}
{'loss': 0.0096, 'grad_norm': 0.03586622700095177, 'learning_rate': 2.7512015985706408e-05, 'epoch': 1.53}
{'loss': 0.0109, 'grad_norm': 0.07508368790149689, 'learning_rate': 2.676674948528588e-05, 'epoch': 1.54}
{'loss': 0.0122, 'grad_norm': 0.14893671870231628, 'learning_rate': 2.603015360247316e-05, 'epoch': 1.55}
{'loss': 0.0076, 'grad_norm': 0.15249496698379517, 'learning_rate': 2.5302315548216702e-05, 'epoch': 1.55}
{'loss': 0.0117, 'grad_norm': 0.0704537034034729, 'learning_rate': 2.4583321496561762e-05, 'epoch': 1.56}
{'loss': 0.0096, 'grad_norm': 0.03521996736526489, 'learning_rate': 2.387325657444788e-05, 'epoch': 1.57}
{'loss': 0.0115, 'grad_norm': 0.15049564838409424, 'learning_rate': 2.317220485162982e-05, 'epoch': 1.57}
{'loss': 0.0091, 'grad_norm': 0.006920402869582176, 'learning_rate': 2.2480249330724214e-05, 'epoch': 1.58}
{'loss': 0.0079, 'grad_norm': 0.09125127643346786, 'learning_rate': 2.1797471937381998e-05, 'epoch': 1.59}
{'loss': 0.012, 'grad_norm': 0.04089752212166786, 'learning_rate': 2.11239535105889e-05, 'epoch': 1.59}
{'loss': 0.0079, 'grad_norm': 0.016603045165538788, 'learning_rate': 2.0459773793094095e-05, 'epoch': 1.6}
{'loss': 0.0099, 'grad_norm': 0.04810294508934021, 'learning_rate': 1.9805011421969044e-05, 'epoch': 1.61}
{'loss': 0.0102, 'grad_norm': 0.01974555104970932, 'learning_rate': 1.9159743919297045e-05, 'epoch': 1.61}
{'loss': 0.0082, 'grad_norm': 0.031945522874593735, 'learning_rate': 1.8524047682994727e-05, 'epoch': 1.62}
{'loss': 0.011, 'grad_norm': 0.18618442118167877, 'learning_rate': 1.789799797776691e-05, 'epoch': 1.63}
{'loss': 0.0106, 'grad_norm': 0.014308435842394829, 'learning_rate': 1.728166892619528e-05, 'epoch': 1.63}
{'loss': 0.0144, 'grad_norm': 0.23854540288448334, 'learning_rate': 1.667513349996269e-05, 'epoch': 1.64}
{'loss': 0.0137, 'grad_norm': 0.04685370624065399, 'learning_rate': 1.6078463511213292e-05, 'epoch': 1.65}
{'loss': 0.0098, 'grad_norm': 0.13617685437202454, 'learning_rate': 1.5491729604050388e-05, 'epoch': 1.65}
{'loss': 0.0096, 'grad_norm': 0.033075422048568726, 'learning_rate': 1.4915001246172133e-05, 'epoch': 1.66}
{'loss': 0.0079, 'grad_norm': 0.03343603014945984, 'learning_rate': 1.434834672064701e-05, 'epoch': 1.67}
{'loss': 0.0094, 'grad_norm': 0.028295639902353287, 'learning_rate': 1.3791833117829023e-05, 'epoch': 1.67}
{'loss': 0.0094, 'grad_norm': 0.042848698794841766, 'learning_rate': 1.3245526327414636e-05, 'epoch': 1.68}
{'loss': 0.0132, 'grad_norm': 0.08794829994440079, 'learning_rate': 1.2709491030641408e-05, 'epoch': 1.69}
{'loss': 0.0127, 'grad_norm': 0.258668452501297, 'learning_rate': 1.2183790692630026e-05, 'epoch': 1.69}
{'loss': 0.0094, 'grad_norm': 0.01229714136570692, 'learning_rate': 1.1668487554870223e-05, 'epoch': 1.7}
{'loss': 0.0113, 'grad_norm': 0.02345278300344944, 'learning_rate': 1.1163642627851423e-05, 'epoch': 1.71}
{'loss': 0.0095, 'grad_norm': 0.027890397235751152, 'learning_rate': 1.0669315683839454e-05, 'epoch': 1.71}
{'loss': 0.0111, 'grad_norm': 0.021344391629099846, 'learning_rate': 1.0185565249799478e-05, 'epoch': 1.72}
{'loss': 0.0091, 'grad_norm': 0.02337963506579399, 'learning_rate': 9.712448600466728e-06, 'epoch': 1.73}
{'loss': 0.0088, 'grad_norm': 0.03144588693976402, 'learning_rate': 9.250021751565197e-06, 'epoch': 1.73}
{'loss': 0.0113, 'grad_norm': 0.014414140954613686, 'learning_rate': 8.798339453175663e-06, 'epoch': 1.74}
{'loss': 0.0129, 'grad_norm': 0.15449216961860657, 'learning_rate': 8.357455183253282e-06, 'epoch': 1.75}
{'loss': 0.0131, 'grad_norm': 0.09693495184183121, 'learning_rate': 7.927421141296077e-06, 'epoch': 1.75}
{'loss': 0.0083, 'grad_norm': 0.06393501907587051, 'learning_rate': 7.5082882421645625e-06, 'epoch': 1.76}
{'loss': 0.0119, 'grad_norm': 0.02709936909377575, 'learning_rate': 7.1001061100536396e-06, 'epoch': 1.77}
{'loss': 0.0105, 'grad_norm': 0.056032441556453705, 'learning_rate': 6.702923072617129e-06, 'epoch': 1.77}
{'loss': 0.0106, 'grad_norm': 0.06825882196426392, 'learning_rate': 6.316786155246046e-06, 'epoch': 1.78}
{'loss': 0.0083, 'grad_norm': 0.048398032784461975, 'learning_rate': 5.941741075500795e-06, 'epoch': 1.79}
{'loss': 0.0113, 'grad_norm': 0.07390881329774857, 'learning_rate': 5.577832237698388e-06, 'epoch': 1.79}
{'loss': 0.0083, 'grad_norm': 0.09849721938371658, 'learning_rate': 5.225102727655118e-06, 'epoch': 1.8}
{'loss': 0.0101, 'grad_norm': 0.023567454889416695, 'learning_rate': 4.883594307585226e-06, 'epoch': 1.81}
{'loss': 0.0137, 'grad_norm': 0.20687375962734222, 'learning_rate': 4.553347411156517e-06, 'epoch': 1.81}
{'loss': 0.0072, 'grad_norm': 0.17392994463443756, 'learning_rate': 4.234401138702948e-06, 'epoch': 1.82}
{'loss': 0.0103, 'grad_norm': 0.02520681358873844, 'learning_rate': 3.9267932525954395e-06, 'epoch': 1.83}
{'loss': 0.0093, 'grad_norm': 0.08963938802480698, 'learning_rate': 3.630560172770714e-06, 'epoch': 1.83}
{'loss': 0.0095, 'grad_norm': 0.0587027333676815, 'learning_rate': 3.3457369724194777e-06, 'epoch': 1.84}
{'loss': 0.0095, 'grad_norm': 0.014198475517332554, 'learning_rate': 3.0723573738336565e-06, 'epoch': 1.85}
{'loss': 0.0099, 'grad_norm': 0.015271908603608608, 'learning_rate': 2.8104537444139657e-06, 'epoch': 1.85}
{'loss': 0.0068, 'grad_norm': 0.024320844560861588, 'learning_rate': 2.560057092837498e-06, 'epoch': 1.86}
{'loss': 0.0087, 'grad_norm': 0.007975628599524498, 'learning_rate': 2.3211970653865377e-06, 'epoch': 1.87}
{'loss': 0.0097, 'grad_norm': 0.053302738815546036, 'learning_rate': 2.0939019424384476e-06, 'epoch': 1.87}
{'loss': 0.0072, 'grad_norm': 0.05059708282351494, 'learning_rate': 1.8781986351173453e-06, 'epoch': 1.88}
{'loss': 0.0129, 'grad_norm': 0.00724002905189991, 'learning_rate': 1.6741126821079533e-06, 'epoch': 1.89}
{'loss': 0.0085, 'grad_norm': 0.0670851469039917, 'learning_rate': 1.4816682466318177e-06, 'epoch': 1.89}
{'loss': 0.0107, 'grad_norm': 0.05343428626656532, 'learning_rate': 1.3008881135864959e-06, 'epoch': 1.9}
{'loss': 0.0091, 'grad_norm': 0.03783232718706131, 'learning_rate': 1.1317936868478707e-06, 'epoch': 1.91}
{'loss': 0.0104, 'grad_norm': 0.1313232183456421, 'learning_rate': 9.744049867359994e-07, 'epoch': 1.91}
{'loss': 0.008, 'grad_norm': 0.26070359349250793, 'learning_rate': 8.287406476447546e-07, 'epoch': 1.92}
{'loss': 0.0096, 'grad_norm': 0.06102250888943672, 'learning_rate': 6.948179158355661e-07, 'epoch': 1.93}
{'loss': 0.0098, 'grad_norm': 0.014421134255826473, 'learning_rate': 5.726526473954885e-07, 'epoch': 1.93}
{'loss': 0.0114, 'grad_norm': 0.07702751457691193, 'learning_rate': 4.6225930635992456e-07, 'epoch': 1.94}
{'loss': 0.0087, 'grad_norm': 0.07271530479192734, 'learning_rate': 3.6365096300009503e-07, 'epoch': 1.95}
{'loss': 0.0093, 'grad_norm': 0.14627254009246826, 'learning_rate': 2.768392922755658e-07, 'epoch': 1.96}
{'loss': 0.0095, 'grad_norm': 0.033173736184835434, 'learning_rate': 2.0183457245194215e-07, 'epoch': 1.96}
{'loss': 0.0082, 'grad_norm': 0.02361251972615719, 'learning_rate': 1.386456838839756e-07, 'epoch': 1.97}
{'loss': 0.0102, 'grad_norm': 0.03165373578667641, 'learning_rate': 8.728010796417164e-08, 'epoch': 1.98}
{'loss': 0.0123, 'grad_norm': 0.13459450006484985, 'learning_rate': 4.774392623694279e-08, 'epoch': 1.98}
{'loss': 0.0117, 'grad_norm': 0.19322942197322845, 'learning_rate': 2.004181967864005e-08, 'epoch': 1.99}
{'loss': 0.0091, 'grad_norm': 0.044806107878685, 'learning_rate': 4.1770681433073166e-09, 'epoch': 2.0}
{'train_runtime': 48634.2497, 'train_samples_per_second': 2.448, 'train_steps_per_second': 0.153, 'train_loss': 0.014491875370370224, 'epoch': 2.0}
adapter saved -> $FT_WORKSPACE\train-out\adapter
